current directory: /workspaces/lumensec-api/vendor/bundle/ruby/3.2.0/gems/psych-5.3.1/ext/psych
/home/vscode/.rbenv/versions/3.2.0/bin/ruby -I /home/vscode/.rbenv/versions/3.2.0/lib/ruby/3.2.0 extconf.rb
creating Makefile

current directory: /workspaces/lumensec-api/vendor/bundle/ruby/3.2.0/gems/psych-5.3.1/ext/psych
make DESTDIR\= sitearchdir\=./.gem.20260214-50689-voagf4 sitelibdir\=./.gem.20260214-50689-voagf4 clean
cd libyaml && make clean
/bin/sh: cd: line 0: can't cd to libyaml: No such file or directory
make: [Makefile:283: clean-so] Error 2 (ignored)

current directory: /workspaces/lumensec-api/vendor/bundle/ruby/3.2.0/gems/psych-5.3.1/ext/psych
make DESTDIR\= sitearchdir\=./.gem.20260214-50689-voagf4 sitelibdir\=./.gem.20260214-50689-voagf4
compiling psych.c
compiling psych_emitter.c
compiling psych_parser.c
compiling psych_to_ruby.c
compiling psych_yaml_tree.c
linking shared-object psych.so

current directory: /workspaces/lumensec-api/vendor/bundle/ruby/3.2.0/gems/psych-5.3.1/ext/psych
make DESTDIR\= sitearchdir\=./.gem.20260214-50689-voagf4 sitelibdir\=./.gem.20260214-50689-voagf4 install
/usr/bin/install -c -m 0755 psych.so ./.gem.20260214-50689-voagf4

current directory: /workspaces/lumensec-api/vendor/bundle/ruby/3.2.0/gems/psych-5.3.1/ext/psych
make DESTDIR\= sitearchdir\=./.gem.20260214-50689-voagf4 sitelibdir\=./.gem.20260214-50689-voagf4 clean
cd libyaml && make clean
/bin/sh: cd: line 0: can't cd to libyaml: No such file or directory
make: [Makefile:283: clean-so] Error 2 (ignored)
