current directory: /workspaces/lumensec-api/vendor/bundle/ruby/3.2.0/gems/bcrypt-3.1.21/ext/mri
/home/vscode/.rbenv/versions/3.2.0/bin/ruby -I /home/vscode/.rbenv/versions/3.2.0/lib/ruby/3.2.0 extconf.rb
creating Makefile

current directory: /workspaces/lumensec-api/vendor/bundle/ruby/3.2.0/gems/bcrypt-3.1.21/ext/mri
make DESTDIR\= sitearchdir\=./.gem.20260214-50689-yf9nu5 sitelibdir\=./.gem.20260214-50689-yf9nu5 clean

current directory: /workspaces/lumensec-api/vendor/bundle/ruby/3.2.0/gems/bcrypt-3.1.21/ext/mri
make DESTDIR\= sitearchdir\=./.gem.20260214-50689-yf9nu5 sitelibdir\=./.gem.20260214-50689-yf9nu5
compiling bcrypt_ext.c
compiling crypt_blowfish.c
gcc  -D__SKIP_GNU     -c -o x86.o x86.S
compiling crypt_gensalt.c
compiling wrapper.c
wrapper.c:182:60: warning: 'struct crypt_data' declared inside parameter list will not be visible outside of this definition or declaration
  182 | char *crypt_r(const char *key, const char *setting, struct crypt_data *data)
      |                                                            ^~~~~~~~~~
cc1: note: unrecognized command-line option '-Wno-self-assign' may have been intended to silence earlier diagnostics
cc1: note: unrecognized command-line option '-Wno-parentheses-equality' may have been intended to silence earlier diagnostics
cc1: note: unrecognized command-line option '-Wno-constant-logical-operand' may have been intended to silence earlier diagnostics
linking shared-object bcrypt_ext.so

current directory: /workspaces/lumensec-api/vendor/bundle/ruby/3.2.0/gems/bcrypt-3.1.21/ext/mri
make DESTDIR\= sitearchdir\=./.gem.20260214-50689-yf9nu5 sitelibdir\=./.gem.20260214-50689-yf9nu5 install
/usr/bin/install -c -m 0755 bcrypt_ext.so ./.gem.20260214-50689-yf9nu5

current directory: /workspaces/lumensec-api/vendor/bundle/ruby/3.2.0/gems/bcrypt-3.1.21/ext/mri
make DESTDIR\= sitearchdir\=./.gem.20260214-50689-yf9nu5 sitelibdir\=./.gem.20260214-50689-yf9nu5 clean
