current directory: /workspaces/lumensec-api/vendor/bundle/ruby/3.2.0/gems/date-3.5.1/ext/date
/home/vscode/.rbenv/versions/3.2.0/bin/ruby -I /home/vscode/.rbenv/versions/3.2.0/lib/ruby/3.2.0 extconf.rb
checking for rb_category_warn()... yes
checking for timezone in time.h with  -Werror... yes
checking for altzone in time.h with  -Werror... no
creating Makefile

current directory: /workspaces/lumensec-api/vendor/bundle/ruby/3.2.0/gems/date-3.5.1/ext/date
make DESTDIR\= sitearchdir\=./.gem.20260214-50689-dn0zm6 sitelibdir\=./.gem.20260214-50689-dn0zm6 clean

current directory: /workspaces/lumensec-api/vendor/bundle/ruby/3.2.0/gems/date-3.5.1/ext/date
make DESTDIR\= sitearchdir\=./.gem.20260214-50689-dn0zm6 sitelibdir\=./.gem.20260214-50689-dn0zm6
compiling date_core.c
compiling date_parse.c
compiling date_strftime.c
compiling date_strptime.c
linking shared-object date_core.so

current directory: /workspaces/lumensec-api/vendor/bundle/ruby/3.2.0/gems/date-3.5.1/ext/date
make DESTDIR\= sitearchdir\=./.gem.20260214-50689-dn0zm6 sitelibdir\=./.gem.20260214-50689-dn0zm6 install
/usr/bin/install -c -m 0755 date_core.so ./.gem.20260214-50689-dn0zm6

current directory: /workspaces/lumensec-api/vendor/bundle/ruby/3.2.0/gems/date-3.5.1/ext/date
make DESTDIR\= sitearchdir\=./.gem.20260214-50689-dn0zm6 sitelibdir\=./.gem.20260214-50689-dn0zm6 clean
